exports[`test App renders correctly 1`] = `
<div
  className="hBYjza">
  <div
    className="fzzMFt">
    <div
      className="game-grid">
      <div
        className="iaCmgk">
        <div
          className="imABQe"
          onClick={[Function]}>
          <span
            className="tile-number">
            4
          </span>
        </div>
        <div
          className="encXww"
          onClick={[Function]}>
          <span
            className="tile-number">
            6
          </span>
        </div>
        <div
          className="jkyBuf"
          onClick={[Function]}>
          <span
            className="tile-number">
            11
          </span>
        </div>
        <div
          className="fbNVrf"
          onClick={[Function]}>
          <span
            className="tile-number">
            1
          </span>
        </div>
        <div
          className="fGtDcI"
          onClick={[Function]}>
          <span
            className="tile-number">
            2
          </span>
        </div>
        <div
          className="iFttuS tile-invisible"
          onClick={[Function]}>
          <span
            className="tile-number">
            16
          </span>
        </div>
        <div
          className="fiLluN"
          onClick={[Function]}>
          <span
            className="tile-number">
            3
          </span>
        </div>
        <div
          className="fIDRFS"
          onClick={[Function]}>
          <span
            className="tile-number">
            15
          </span>
        </div>
        <div
          className="bCvHEr"
          onClick={[Function]}>
          <span
            className="tile-number">
            10
          </span>
        </div>
        <div
          className="jKLixt"
          onClick={[Function]}>
          <span
            className="tile-number">
            9
          </span>
        </div>
        <div
          className="hRgRiY"
          onClick={[Function]}>
          <span
            className="tile-number">
            7
          </span>
        </div>
        <div
          className="eCKcAy"
          onClick={[Function]}>
          <span
            className="tile-number">
            13
          </span>
        </div>
        <div
          className="axVVy"
          onClick={[Function]}>
          <span
            className="tile-number">
            12
          </span>
        </div>
        <div
          className="fksVmA"
          onClick={[Function]}>
          <span
            className="tile-number">
            14
          </span>
        </div>
        <div
          className="jmqTE"
          onClick={[Function]}>
          <span
            className="tile-number">
            8
          </span>
        </div>
        <div
          className="zTxVg"
          onClick={[Function]}>
          <span
            className="tile-number">
            5
          </span>
        </div>
      </div>
    </div>
    <div
      className="dMxAhv">
      <div
        className="jbeTpO">
        Moves counter: 
        0
      </div>
      <div
        className="jbeTpO">
        Time elapsed: 
        0
        s
      </div>
    </div>
  </div>
</div>
`;
