// Jest Snapshot v1, https://goo.gl/fbAQLP

exports[`Game renders correctly 1`] = `
<div
  style={
    Object {
      "display": "flex",
      "flexDirection": "column",
      "flexGrow": 1,
    }
  }
>
  <header
    className="MuiPaper-root MuiAppBar-root MuiAppBar-positionStatic MuiAppBar-colorPrimary makeStyles-root-1 MuiPaper-elevation4"
  >
    <div
      className="MuiToolbar-root MuiToolbar-regular MuiToolbar-gutters"
    >
      <div
        className="MuiTypography-root makeStyles-title-2 MuiTypography-h6"
      >
        React Puzzle Games - 15 Puzzle
      </div>
      <button
        aria-label="Start a new game"
        className="MuiButtonBase-root MuiButton-root MuiButton-text"
        disabled={false}
        onBlur={[Function]}
        onClick={[Function]}
        onDragLeave={[Function]}
        onFocus={[Function]}
        onKeyDown={[Function]}
        onKeyUp={[Function]}
        onMouseDown={[Function]}
        onMouseLeave={[Function]}
        onMouseUp={[Function]}
        onTouchEnd={[Function]}
        onTouchMove={[Function]}
        onTouchStart={[Function]}
        tabIndex={0}
        type="button"
      >
        <span
          className="MuiButton-label"
        >
          <span
            className="MuiButton-startIcon MuiButton-iconSizeMedium"
          >
            <svg
              aria-hidden={true}
              className="MuiSvgIcon-root menuIcon"
              focusable="false"
              viewBox="0 0 24 24"
            >
              <path
                d="M13 3h-2v10h2V3zm4.83 2.17l-1.42 1.42C17.99 7.86 19 9.81 19 12c0 3.87-3.13 7-7 7s-7-3.13-7-7c0-2.19 1.01-4.14 2.58-5.42L6.17 5.17C4.23 6.82 3 9.26 3 12c0 4.97 4.03 9 9 9s9-4.03 9-9c0-2.74-1.23-5.18-3.17-6.83z"
              />
            </svg>
          </span>
          <span
            className="MuiTypography-root MuiTypography-button"
          >
            New game
          </span>
        </span>
      </button>
      <button
        aria-label="Pause/Continue current game."
        className="MuiButtonBase-root MuiButton-root MuiButton-text Mui-disabled Mui-disabled"
        disabled={true}
        onBlur={[Function]}
        onClick={[Function]}
        onDragLeave={[Function]}
        onFocus={[Function]}
        onKeyDown={[Function]}
        onKeyUp={[Function]}
        onMouseDown={[Function]}
        onMouseLeave={[Function]}
        onMouseUp={[Function]}
        onTouchEnd={[Function]}
        onTouchMove={[Function]}
        onTouchStart={[Function]}
        tabIndex={-1}
        type="button"
      >
        <span
          className="MuiButton-label"
        >
          <span
            className="MuiButton-startIcon MuiButton-iconSizeMedium"
          >
            <svg
              aria-hidden={true}
              className="MuiSvgIcon-root menuIcon"
              focusable="false"
              viewBox="0 0 24 24"
            >
              <path
                d="M6 19h4V5H6v14zm8-14v14h4V5h-4z"
              />
            </svg>
          </span>
          <span
            className="MuiTypography-root MuiTypography-button"
          >
            Pause
          </span>
        </span>
      </button>
      <button
        aria-label="Reset game"
        className="MuiButtonBase-root MuiButton-root MuiButton-text"
        disabled={false}
        onBlur={[Function]}
        onClick={[Function]}
        onDragLeave={[Function]}
        onFocus={[Function]}
        onKeyDown={[Function]}
        onKeyUp={[Function]}
        onMouseDown={[Function]}
        onMouseLeave={[Function]}
        onMouseUp={[Function]}
        onTouchEnd={[Function]}
        onTouchMove={[Function]}
        onTouchStart={[Function]}
        tabIndex={0}
        type="button"
      >
        <span
          className="MuiButton-label"
        >
          <span
            className="MuiButton-startIcon MuiButton-iconSizeMedium"
          >
            <svg
              aria-hidden={true}
              className="MuiSvgIcon-root"
              focusable="false"
              viewBox="0 0 24 24"
            >
              <path
                d="M12 5V1L7 6l5 5V7c3.31 0 6 2.69 6 6s-2.69 6-6 6-6-2.69-6-6H4c0 4.42 3.58 8 8 8s8-3.58 8-8-3.58-8-8-8z"
              />
            </svg>
          </span>
          Reset game
        </span>
      </button>
      <div
        className="MuiChip-root"
        onKeyDown={[Function]}
        onKeyUp={[Function]}
      >
        <div
          className="MuiAvatar-root MuiAvatar-circular MuiChip-avatar MuiAvatar-colorDefault"
        >
          <svg
            aria-hidden={true}
            className="MuiSvgIcon-root"
            focusable="false"
            viewBox="0 0 24 24"
          >
            <path
              d="M22 5.72l-4.6-3.86-1.29 1.53 4.6 3.86L22 5.72zM7.88 3.39L6.6 1.86 2 5.71l1.29 1.53 4.59-3.85zM12.5 8H11v6l4.75 2.85.75-1.23-4-2.37V8zM12 4c-4.97 0-9 4.03-9 9s4.02 9 9 9c4.97 0 9-4.03 9-9s-4.03-9-9-9zm0 16c-3.87 0-7-3.13-7-7s3.13-7 7-7 7 3.13 7 7-3.13 7-7 7z"
            />
          </svg>
        </div>
        <span
          className="MuiChip-label"
        >
          <span
            className="MuiTypography-root MuiTypography-body1"
          >
            0
            s
          </span>
        </span>
      </div>
      <div
        className="MuiChip-root"
        onKeyDown={[Function]}
        onKeyUp={[Function]}
      >
        <div
          className="MuiAvatar-root MuiAvatar-circular MuiChip-avatar MuiAvatar-colorDefault"
        >
          <svg
            aria-hidden={true}
            className="MuiSvgIcon-root"
            focusable="false"
            viewBox="0 0 24 24"
          >
            <path
              d="M9.01 14H2v2h7.01v3L13 15l-3.99-4v3zm5.98-1v-3H22V8h-7.01V5L11 9l3.99 4z"
            />
          </svg>
        </div>
        <span
          className="MuiChip-label"
        >
          <span
            className="MuiTypography-root MuiTypography-body1"
          >
            0
          </span>
        </span>
      </div>
    </div>
  </header>
  <div
    className="makeStyles-root-3 makeStyles-root-5"
  >
    <div
      className="makeStyles-tile-4 makeStyles-tile-6"
    />
  </div>
</div>
`;
